******************************************************************************
                  TI ARM Linker PC v16.9.4                     
******************************************************************************
>> Linked Wed Nov 20 12:21:40 2019

OUTPUT FILE NAME:   <sensortag_cc2650stk_app.out>
ENTRY POINT SYMBOL: "ResetISR"  address: 0000ac81


MEMORY CONFIGURATION

         name            origin    length      used     unused   attr    fill
----------------------  --------  ---------  --------  --------  ----  --------
  IMAGE_HEADER          00001000   00000010  00000010  00000000  R  X
  FLASH                 00001010   00010010  0000e140  00001ed0  R  X
  SRAM                  20000000   000043f8  00003422  00000fd6  RW X


SEGMENT ALLOCATION MAP

run origin  load origin   length   init length attrs members
----------  ----------- ---------- ----------- ----- -------
00001000    00001000    0000e150   0000e150    r-x
  00001000    00001000    00000010   00000010    r-- .imgHdr
  00001010    00001010    0000003c   0000003c    r-- .resetVecs
  0000104c    0000104c    0000cf48   0000cf48    r-x .text
  0000df94    0000df94    00000b84   00000b84    r-- .const
  0000eb18    0000eb18    00000638   00000638    r-- .cinit
20000430    20000430    00000010   00000000    rw-
  20000430    20000430    00000010   00000000    rw- .TI.bound:dmaSpi0RxControlTableEntry$21
20000440    20000440    00000010   00000000    rw-
  20000440    20000440    00000010   00000000    rw- .TI.bound:dmaSpi0TxControlTableEntry$21
20000500    20000500    00000010   00000000    rw-
  20000500    20000500    00000010   00000000    rw- .TI.bound:dmaSpi1RxControlTableEntry$21
20000510    20000510    0000312a   00000000    rw-
  20000510    20000510    00000010   00000000    rw- .TI.bound:dmaSpi1TxControlTableEntry$21
  20000520    20000520    00002228   00000000    rw- .data
  20002748    20002748    00000ef2   00000000    rw- .bss
200041f8    200041f8    00000200   00000000    rw-
  200041f8    200041f8    00000200   00000000    rw- .stack


SECTION ALLOCATION MAP

 output                                  attributes/
section   page    origin      length       input sections
--------  ----  ----------  ----------   ----------------
.imgHdr    0    00001000    00000010     
                  00001000    00000010     oad_target_external_flash.obj (.imgHdr:retain)

.text      0    0000104c    0000cf48     
                  0000104c    00001b00     sensortag.obj (.text:SensorTag_taskFxn$0)
                  00002b4c    000005bc     peripheral.obj (.text:gapRole_taskFxn$50)
                  00003108    00000450     driverlib.lib : setup.obj (.text:TrimAfterColdResetWakeupFromShutDown$79)
                  00003558    00000280     RFCC26XX_singleMode.obj (.text:fsmActiveState$19)
                  000037d8    00000248     peripheral.obj (.text:GAPRole_SetParameter)
                  00003a20    00000228     drivers_cc26xxware.aem3 : PowerCC26XX.oem3 (.text:Power_sleep)
                  00003c48    00000210     sensortag_bar.obj (.text:sensorTaskFxn$1)
                  00003e58    00000208     driverlib.lib : sys_ctrl.obj (.text:NOROM_SysCtrlSetRechargeBeforePowerDown)
                  00004060    000001f4     rtsv7M3_T_le_eabi.lib : ull_div_t2.obj (.text)
                  00004254    000001d0     drivers_cc26xxware.aem3 : PowerCC26XX_calibrateRCOSC.oem3 (.text:calibrateRcoscHf1)
                  00004424    000001c8     PINCC26XX.obj (.text:PIN_init)
                  000045ec    000001c0     RFCC26XX_singleMode.obj (.text:fsmSetupState$19)
                  000047ac    000001b4     SPICC26XXDMA.obj (.text:SPICC26XXDMA_transfer)
                  00004960    000001ac     oad.obj (.text:OAD_imgBlockWrite)
                  00004b0c    000001a8     RFCC26XX_singleMode.obj (.text:RF_postCmd)
                  00004cb4    00000184     drivers_cc26xxware.aem3 : PowerCC26XX_calibrateRCOSC.oem3 (.text:PowerCC26XX_doCalibrate)
                  00004e38    0000017c     RFCC26XX_singleMode.obj (.text:abortCmd$19)
                  00004fb4    00000158     SPICC26XXDMA.obj (.text:SPICC26XXDMA_initIO$21)
                  0000510c    00000150     I2CCC26XX.obj (.text:I2CCC26XX_open)
                  0000525c    00000148     driverlib.lib : setup.obj (.text:NOROM_SetupTrimDevice)
                  000053a4    00000148     SPICC26XXDMA.obj (.text:SPICC26XXDMA_open)
                  000054ec    00000120     peripheral.obj (.text:GAPRole_GetParameter)
                  0000560c    0000011c     drivers_cc26xxware.aem3 : PowerCC26XX.oem3 (.text:Power_init)
                  00005728    0000010c     RFCC26XX_singleMode.obj (.text:hwiFxnCpe0Active$19)
                  00005834    00000106     icall.obj (.text:ICall_primWaitMatch$24)
                  0000593a    00000002     ble_user_config.obj (.text:DefaultAssertCback)
                  0000593c    00000100     I2CCC26XX.obj (.text:I2CCC26XX_hwiFxn$17)
                  00005a3c    00000100     sensortag_factoryreset.obj (.text:SensorTagFactoryReset_hasImage)
                  00005b3c    000000fc     sensortag_tmp.obj (.text:sensorTaskFxn$13)
                  00005c38    000000f8     RFCC26XX_singleMode.obj (.text:fsmPowerUpState$19)
                  00005d30    000000f8     RFCC26XX_singleMode.obj (.text:radioOpDoneCb$19)
                  00005e28    000000f8     sysbios.aem3 : BIOS.obj (.text:xdc_runtime_Startup_startMods__I)
                  00005f20    000000f0     SPICC26XXDMA.obj (.text:SPICC26XXDMA_transferCancel)
                  00006010    000000ec     RFCC26XX_singleMode.obj (.text:rf_init$19)
                  000060fc    000000e8     registerservice.obj (.text:sensor_WriteAttrCB$51)
                  000061e4    000000e4     sensortag_hum.obj (.text:sensorTaskFxn$6)
                  000062c8    000000dc     PINCC26XX.obj (.text:PINCC26XX_setIoCfg$18)
                  000063a4    000000d8     ExtFlash.obj (.text:ExtFlash_open)
                  0000647c    000000d8     SPICC26XXDMA.obj (.text:SPICC26XXDMA_control)
                  00006554    000000d8     main.obj (.text:main)
                  0000662c    000000d4     power_cc26xx_tirtos.aem3 : PowerCC26XX_tirtos.oem3 (.text:PowerCC26XX_standbyPolicy)
                  00006700    000000d4     drivers_cc26xxware.aem3 : PowerCC26XX.oem3 (.text:Power_releaseDependency)
                  000067d4    000000d4     SensorMpu9250.obj (.text:SensorMpu9250_reset)
                  000068a8    000000d0     drivers_cc26xxware.aem3 : PowerCC26XX.oem3 (.text:Power_setDependency)
                  00006978    000000d0     RFCC26XX_singleMode.obj (.text:RF_open)
                  00006a48    000000d0     SensorMpu9250.obj (.text:SensorMpu9250_enable)
                  00006b18    000000cc     RFCC26XX_singleMode.obj (.text:fsmPowerDownState$19)
                  00006be4    000000cc     sysbios.aem3 : BIOS.obj (.text:ti_sysbios_knl_Semaphore_pend__E)
                  00006cb0    000000cc                  : BIOS.obj (.text:ti_sysbios_knl_Task_Instance_init__E)
                  00006d7c    000000c8                  : m3_Hwi_asm.obj (.text:ti_sysbios_family_arm_m3_Hwi_dispatch__I)
                  00006e44    000000c4     barometerservice.obj (.text:sensor_WriteAttrCB$37)
                  00006f08    000000c4     humidityservice.obj (.text:sensor_WriteAttrCB$43)
                  00006fcc    000000c4     irtempservice.obj (.text:sensor_WriteAttrCB$45)
                  00007090    000000c4     movementservice.obj (.text:sensor_WriteAttrCB$46)
                  00007154    000000c4     opticservice.obj (.text:sensor_WriteAttrCB$49)
                  00007218    000000c0     I2CCC26XX.obj (.text:I2CCC26XX_transfer)
                  000072d8    000000c0     ioservice.obj (.text:io_WriteAttrCB$44)
                  00007398    000000bc     devinfoservice.obj (.text:DevInfo_SetParameter)
                  00007454    000000b4     sensortag_mov.obj (.text:appStateSet$9)
                  00007508    000000b0     devinfoservice.obj (.text:devInfo_ReadAttrCB$40)
                  000075b8    000000a8     oad.obj (.text:oadWriteAttrCB$47)
                  00007660    000000a4     ccservice.obj (.text:ccService_WriteAttrCB$39)
                  00007704    000000a0     SPICC26XXDMA.obj (.text:SPICC26XXDMA_hwiFxn$21)
                  000077a4    000000a0     TRNGCC26XX.obj (.text:TRNGCC26XX_getNumber)
                  00007844    000000a0     auto_init.aem3 : auto_init.oem3 (.text)
                  000078e4    000000a0     sysbios.aem3 : BIOS.obj (.text:ti_sysbios_knl_Task_setPri__E)
                  00007984    0000009c     sensortag_keys.obj (.text:SensorTagKeys_clockHandler$8)
                  00007a20    0000009c     rtsv7M3_T_le_eabi.lib : memcpy_t2.obj (.text)
                  00007abc    00000098     gattservapp_util.obj (.text:GATTServApp_ProcessCharCfg)
                  00007b54    00000098     PINCC26XX.obj (.text:PIN_open)
                  00007bec    00000098     sysbios.aem3 : BIOS.obj (.text:ti_sysbios_knl_Clock_workFuncDynamic__E)
                  00007c84    00000094     icall.obj (.text:ICall_primSetTimer$24)
                  00007d18    00000094     sysbios.aem3 : BIOS.obj (.text:ti_sysbios_family_arm_m3_Hwi_Instance_init__E)
                  00007dac    00000092     SPICC26XXDMA.obj (.text:SPICC26XXDMA_close)
                  00007e3e    00000002     SPICC26XXDMA.obj (.text:SPICC26XXDMA_serviceISR$21)
                  00007e40    00000090     drivers_cc26xxware.aem3 : PowerCC26XX.oem3 (.text:switchXOSCHFclockFunc)
                  00007ed0    0000008c     I2CCC26XX.obj (.text:I2CCC26XX_cancel)
                  00007f5c    0000008c     I2CCC26XX.obj (.text:I2CCC26XX_primeTransfer$17)
                  00007fe8    0000008c     sensortag_register.obj (.text:SensorTagRegister_update)
                  00008074    00000088     driverlib.lib : osc.obj (.text:NOROM_OSCHF_GetStartupTime)
                  000080fc    00000088     registerservice.obj (.text:sensor_ReadAttrCB$51)
                  00008184    00000084     icall.obj (.text:ICall_heapMalloc)
                  00008208    00000080     SensorI2C.obj (.text:SensorI2C_open)
                  00008288    00000080     sysbios.aem3 : BIOS.obj (.text:ti_sysbios_family_arm_m3_Hwi_initNVIC__E)
                  00008308    00000080                  : BIOS.obj (.text:ti_sysbios_knl_Task_postInit__I)
                  00008388    00000080                  : BIOS.obj (.text:xdc_runtime_Core_createObject__I)
                  00008408    0000007c     RFCC26XX_singleMode.obj (.text:RF_pendCmd)
                  00008484    0000007c     sensortag.obj (.text:SensorTag_enqueueMsg$0)
                  00008500    0000007c     drivers_cc26xxware.aem3 : PowerCC26XX.oem3 (.text:disableLFClockQualifiers)
                  0000857c    0000007c     peripheral.obj (.text:gapRole_startConnUpdate$50)
                  000085f8    0000007c     RFCC26XX_singleMode.obj (.text:swiFxnHw$19)
                  00008674    0000007a     rtsv7M3_T_le_eabi.lib : memset_t2.obj (.text)
                  000086ee    00000002     RFCC26XX_singleMode.obj (.text:defaultErrCb$19)
                  000086f0    00000078     SPICC26XXDMA.obj (.text:SPICC26XXDMA_csnCallback$21)
                  00008768    00000078     sysbios.aem3 : BIOS.obj (.text:ti_sysbios_knl_Clock_walkQueueDynamic__E)
                  000087e0    00000076     gattservapp_util.obj (.text:gattServApp_SendNotiInd$42)
                  00008856    00000002     drivers_cc26xxware.aem3 : PowerCC26XX.oem3 (.text:emptyClockFunc)
                  00008858    00000074     icall_cc2650.obj (.text:ICallPlatform_pwrUpdActivityCounter)
                  000088cc    00000074     icall.obj (.text:ICall_primSend$24)
                  00008940    00000074     drivers_cc26xxware.aem3 : PowerCC26XX_calibrateRCOSC.oem3 (.text:PowerCC26XX_auxISR)
                  000089b4    00000074     sensortag.obj (.text:SensorTag_callback$0)
                  00008a28    00000074     drivers_cc26xxware.aem3 : PowerCC26XX_calibrateRCOSC.oem3 (.text:calibrateRcoscHf2)
                  00008a9c    00000074     sysbios.aem3 : BIOS.obj (.text:ti_sysbios_family_arm_cc26xx_Timer_start__E)
                  00008b10    00000072     ExtFlash.obj (.text:ExtFlash_write)
                  00008b82    00000002     sysbios.aem3 : BIOS.obj (.text:ti_sysbios_BIOS_linkedWithIncorrectBootLibrary__E)
                  00008b84    00000070     SensorI2C.obj (.text:SensorI2C_select)
                  00008bf4    00000070     sensortag_register.obj (.text:SensorTagRegister_reset)
                  00008c64    00000070     battservice.obj (.text:battNotifyLevel$38)
                  00008cd4    00000070     sysbios.aem3 : BIOS.obj (.text:ti_sysbios_knl_Task_sleep__E)
                  00008d44    0000006c     icall.obj (.text:ICall_createRemoteTasks)
                  00008db0    0000006c     drivers_cc26xxware.aem3 : PowerCC26XX.oem3 (.text:PowerCC26XX_calibrate)
                  00008e1c    0000006c     UDMACC26XX.obj (.text:UDMACC26XX_open)
                  00008e88    0000006c     movementservice.obj (.text:sensor_ReadAttrCB$46)
                  00008ef4    0000006c     sysbios.aem3 : BIOS.obj (.text:xdc_runtime_Memory_alloc__E)
                  00008f60    00000068     driverlib.lib : sys_ctrl.obj (.text:NOROM_SysCtrl_DCDC_VoltageConditionalControl)
                  00008fc8    00000068     RFCC26XX_singleMode.obj (.text:decActiveClientCnt$19)
                  00009030    00000068     rtsv7M3_T_le_eabi.lib : copy_decompress_lzss.obj (.text:decompress:lzss)
                  00009098    00000068     sysbios.aem3 : BIOS.obj (.text:ti_sysbios_knl_Clock_startI__E)
                  00009100    00000068                  : BIOS.obj (.text:ti_sysbios_knl_Swi_restoreHwi__E)
                  00009168    00000064     I2CCC26XX.obj (.text:I2CCC26XX_close)
                  000091cc    00000064     PINCC26XX.obj (.text:PIN_add)
                  00009230    00000064     sensortag_oad.obj (.text:SensorTag_processOadWriteCB$10)
                  00009294    00000064     sysbios.aem3 : BIOS.obj (.text:ti_sysbios_knl_Semaphore_post__E)
                  000092f8    00000062     barometerservice.obj (.text:sensor_ReadAttrCB$37)
                  0000935a    00000060     gattservapp_util.obj (.text:GATTServApp_ProcessCCCWriteReq)
                  000093ba    00000002     app_ble_pem3.oem3 (.text:ti_sysbios_BIOS_nullFunc__I)
                  000093bc    00000060     icall.obj (.text:ICall_primEnroll$24)
                  0000941c    00000060     oad.obj (.text:OAD_sendStatus$47)
                  0000947c    00000060     drivers_cc26xxware.aem3 : PowerCC26XX_calibrateRCOSC.oem3 (.text:PowerCC26XX_RCOSC_clockFunc)
                  000094dc    00000060                             : PowerCC26XX_calibrateRCOSC.oem3 (.text:updateSubSecInc)
                  0000953c    0000005c     ExtFlash.obj (.text:ExtFlash_erase)
                  00009598    0000005c     ExtFlash.obj (.text:ExtFlash_waitReady$28)
                  000095f4    0000005c     icall.obj (.text:ICall_primThreadServes$24)
                  00009650    0000005c     driverlib.lib : osc.obj (.text:NOROM_OSCHF_AttemptToSwitchToXosc)
                  000096ac    0000005c                   : sys_ctrl.obj (.text:NOROM_SysCtrlAdjustRechargeAfterPowerDown)
                  00009708    0000005c     oad.obj (.text:OAD_getNextBlockReq$47)
                  00009764    0000005c     SensorMpu9250.obj (.text:SensorMpu9250_test)
                  000097c0    0000005c     battservice.obj (.text:battReadAttrCB$38)
                  0000981c    0000005c     RFCC26XX_singleMode.obj (.text:fsmXOSCState$19)
                  00009878    0000005c     sysbios.aem3 : BIOS.obj (.text:ti_sysbios_knl_Task_Module_startup__E)
                  000098d4    0000005c                  : BIOS.obj (.text:ti_sysbios_knl_Task_startCore__E)
                  00009930    0000005a     humidityservice.obj (.text:sensor_ReadAttrCB$43)
                  0000998a    0000005a     irtempservice.obj (.text:sensor_ReadAttrCB$45)
                  000099e4    0000005a     opticservice.obj (.text:sensor_ReadAttrCB$49)
                  00009a3e    00000002     sysbios.aem3 : BIOS.obj (.text:ti_sysbios_gates_GateHwi_Instance_init__E)
                  00009a40    00000058     movementservice.obj (.text:Movement_setParameter)
                  00009a98    00000058     PINCC26XX.obj (.text:PIN_remove)
                  00009af0    00000058     drivers_cc26xxware.aem3 : PowerCC26XX_calibrateRCOSC.oem3 (.text:PowerCC26XX_initiateCalibration)
                  00009b48    00000058     RFCC26XX_singleMode.obj (.text:RF_getCurrentTime)
                  00009ba0    00000058     SPICC26XXDMA.obj (.text:SPICC26XXDMA_initHw$21)
                  00009bf8    00000058     sensortag_keys.obj (.text:processGapStateChange$8)
                  00009c50    00000058     sysbios.aem3 : BIOS.obj (.text:ti_sysbios_family_arm_m3_Hwi_postInit__I)
                  00009ca8    00000058                  : BIOS.obj (.text:ti_sysbios_knl_Swi_Instance_init__E)
                  00009d00    00000058                  : BIOS.obj (.text:ti_sysbios_knl_Swi_run__I)
                  00009d58    00000054     barometerservice.obj (.text:Barometer_setParameter)
                  00009dac    00000054     ExtFlash.obj (.text:ExtFlash_close)
                  00009e00    00000054     I2CCC26XX.obj (.text:I2CCC26XX_swiFxn$17)
                  00009e54    00000054     icall.obj (.text:ICall_primFetchMsg$24)
                  00009ea8    00000054     util.obj (.text:Util_rescheduleClock)
                  00009efc    00000054     drivers_cc26xxware.aem3 : PowerCC26XX.oem3 (.text:configureXOSCHF)
                  00009f50    00000054     RFCC26XX_singleMode.obj (.text:hwiFxnHw$19)
                  00009fa4    00000054     RFCC26XX_singleMode.obj (.text:ratChanFree$19)
                  00009ff8    00000054     rtsv7M3_T_le_eabi.lib : exit.obj (.text)
                  0000a04c    00000054     sysbios.aem3 : BIOS.obj (.text:ti_sysbios_family_arm_m3_Hwi_dispatchC__I)
                  0000a0a0    00000054                  : BIOS.obj (.text:ti_sysbios_knl_Swi_schedule__I)
                  0000a0f4    00000052     icall.obj (.text:ICall_primWait$24)
                  0000a146    00000052     SPICC26XXDMA.obj (.text:SPICC26XXDMA_swiFxn$21)
                  0000a198    00000050     ExtFlash.obj (.text:ExtFlash_read)
                  0000a1e8    00000050     icall_api.obj (.text:GAP_UpdateAdvertisingData)
                  0000a238    00000050     humidityservice.obj (.text:Humidity_setParameter)
                  0000a288    00000050     icall.obj (.text:ICall_primRegisterApp$24)
                  0000a2d8    00000050     irtempservice.obj (.text:IRTemp_setParameter)
                  0000a328    00000050     opticservice.obj (.text:Optic_setParameter)
                  0000a378    00000050     RFCC26XX_singleMode.obj (.text:RF_getInfo)
                  0000a3c8    00000050     sensortag_bar.obj (.text:SensorTagBar_reset)
                  0000a418    00000050     sysbios.aem3 : BIOS.obj (.text:ti_sysbios_knl_Swi_runLoop__I)
                  0000a468    00000050                  : BIOS.obj (.text:xdc_runtime_Startup_exec__E)
                  0000a4b8    0000004e     SensorOpt3001.obj (.text:SensorOpt3001_test)
                  0000a506    0000004e     ccservice.obj (.text:ccService_ReadAttrCB$39)
                  0000a554    0000004e     ioservice.obj (.text:io_ReadAttrCB$44)
                  0000a5a2    00000002     sysbios.aem3 : BIOS.obj (.text:ti_sysbios_knl_Clock_logTick__E)
                  0000a5a4    0000004c     I2CCC26XX.obj (.text:I2CCC26XX_initHw$17)
                  0000a5f0    0000004c     icall.obj (.text:ICall_newTask$24)
                  0000a63c    0000004c     icall.obj (.text:ICall_primGetEntityId$24)
                  0000a688    0000004c     driverlib.lib : osc.obj (.text:NOROM_OSCClockSourceSet)
                  0000a6d4    0000004c     util.obj (.text:Util_constructClock)
                  0000a720    0000004c     battservice.obj (.text:battWriteAttrCB$38)
                  0000a76c    0000004c     rtsv7M3_T_le_eabi.lib : cpy_tbl.obj (.text)
                  0000a7b8    0000004c     RFCC26XX_singleMode.obj (.text:syncCb$19)
                  0000a804    0000004c     sysbios.aem3 : m3_TaskSupport_asm.obj (.text:ti_sysbios_family_arm_m3_TaskSupport_buildTaskStack)
                  0000a850    0000004c                  : BIOS.obj (.text:ti_sysbios_knl_Task_schedule__I)
                  0000a89c    00000048     peripheral.obj (.text:GAPRole_TerminateConnection)
                  0000a8e4    00000048     driverlib.lib : chipinfo.obj (.text:NOROM_ChipInfo_GetChipFamily)
                  0000a92c    00000048                   : ddi.obj (.text:NOROM_DDI16BitfieldWrite)
                  0000a974    00000048     sensortag_io.obj (.text:SensorTagIO_reset)
                  0000a9bc    00000048     icall_api.obj (.text:gattIndNoti$27)
                  0000aa04    00000048     drivers_cc26xxware.aem3 : PowerCC26XX.oem3 (.text:notify)
                  0000aa4c    00000048     sysbios.aem3 : BIOS.obj (.text:ti_sysbios_family_arm_m3_Hwi_Module_startup__E)
                  0000aa94    00000048                  : m3_Hwi_asm_switch.obj (.text:ti_sysbios_family_arm_m3_Hwi_initStacks__E)
                  0000aadc    00000048     app_ble_pem3.oem3 (.text:ti_sysbios_hal_Hwi_create)
                  0000ab24    00000048     sysbios.aem3 : BIOS.obj (.text:xdc_runtime_Core_assignParams__I)
                  0000ab6c    00000048                  : BIOS.obj (.text:xdc_runtime_Core_constructObject__I)
                  0000abb4    00000044     PINCC26XX.obj (.text:PIN_swi$18)
                  0000abf8    00000044     SensorMpu9250.obj (.text:SensorMpu9250_accSetRange)
                  0000ac3c    00000044     sensortag_io.obj (.text:SensorTagIO_blinkLed)
                  0000ac80    00000044     boot.aem3 : boot.oem3 (.text)
                  0000acc4    00000044     icall_api.obj (.text:gapSendParamAndPtrCmd$27)
                  0000ad08    00000044     SensorMpu9250.obj (.text:sensorMpu9250SetBypass$32)
                  0000ad4c    00000044     app_ble_pem3.oem3 (.text:ti_sysbios_family_arm_m3_Hwi_Object__create__S)
                  0000ad90    00000044     sysbios.aem3 : BIOS.obj (.text:ti_sysbios_family_arm_m3_Hwi_disableInterrupt__E)
                  0000add4    00000044                  : BIOS.obj (.text:ti_sysbios_family_arm_m3_Hwi_enableInterrupt__E)
                  0000ae18    00000044                  : BIOS.obj (.text:ti_sysbios_knl_Swi_post__E)
                  0000ae5c    00000044                  : BIOS.obj (.text:ti_sysbios_knl_Task_allBlockedFunction__I)
                  0000aea0    00000044     app_ble_pem3.oem3 (.text:ti_sysbios_knl_Task_create)
                  0000aee4    00000042     icall.obj (.text:ICall_primCreateTask$24)
                  0000af26    00000002     sysbios.aem3 : BIOS.obj (.text:ti_sysbios_knl_Clock_triggerFunc__I)
                  0000af28    00000040     ExtFlash.obj (.text:ExtFlash_readInfo$28)
                  0000af68    00000040     peripheral.obj (.text:GAPRole_createTask)
                  0000afa8    00000040     driverlib.lib : ddi.obj (.text:NOROM_DDI16BitfieldRead)
                  0000afe8    00000040     RFCC26XX_singleMode.obj (.text:RF_getRssi)
                  0000b028    00000040     simplekeys.obj (.text:SK_readAttrCB$52)
                  0000b068    00000040     SensorI2C.obj (.text:SensorI2C_read)
                  0000b0a8    00000040     SensorTmp007.obj (.text:SensorTmp007_enable)
                  0000b0e8    00000040     SensorMpu9250.obj (.text:sensorMpuSleep$32)
                  0000b128    00000040     sysbios.aem3 : BIOS.obj (.text:ti_sysbios_family_arm_m3_Hwi_getStackInfo__E)
                  0000b168    00000040                  : BIOS.obj (.text:xdc_runtime_HeapMin_alloc__E)
                  0000b1a8    0000003c     icall_api.obj (.text:GAP_GetParamValue)
                  0000b1e4    0000003c     icall_api.obj (.text:GATTServApp_RegisterService)
                  0000b220    0000003c     icall_cc2650.obj (.text:ICallPlatform_pwrConfigACAction)
                  0000b25c    0000003c     icall.obj (.text:ICall_primFetchServiceMsg$24)
                  0000b298    0000003c     driverlib.lib : osc.obj (.text:NOROM_OSC_HPOSCRelativeFrequencyOffsetGet)
                  0000b2d4    0000003c     registerservice.obj (.text:Register_setParameter)
                  0000b310    0000003c     SensorI2C.obj (.text:SensorI2C_writeRead)
                  0000b34c    0000003c     sensortag_bar.obj (.text:SensorTagBar_createTask)
                  0000b388    0000003c     sensortag_hum.obj (.text:SensorTagHum_createTask)
                  0000b3c4    0000003c     sensortag_tmp.obj (.text:SensorTagTmp_createTask)
                  0000b400    0000003c     sensortag.obj (.text:SensorTag_createTask)
                  0000b43c    0000003c     RFCC26XX_singleMode.obj (.text:dispatchOpWhen$19)
                  0000b478    0000003c     oad.obj (.text:oadReadAttrCB$47)
                  0000b4b4    0000003c     RFCC26XX_singleMode.obj (.text:postDirImmCmd$19)
                  0000b4f0    0000003c     icall_api.obj (.text:profileSetParameter$27)
                  0000b52c    0000003c     icall_api.obj (.text:sendWaitMatchCS$27)
                  0000b568    0000003c     icall_api.obj (.text:sendWaitMatchValueCS$27)
                  0000b5a4    0000003c     app_ble_pem3.oem3 (.text:ti_sysbios_family_arm_m3_Hwi_construct)
                  0000b5e0    0000003a     sysbios.aem3 : BIOS.obj (.text:ti_sysbios_knl_Task_exit__E)
                  0000b61a    00000002                  : BIOS.obj (.text:ti_sysbios_knl_Swi_Instance_finalize__E)
                  0000b61c    00000038     icall.obj (.text:ICall_primGetMaxMSecs$24)
                  0000b654    00000038     SensorI2C.obj (.text:SensorI2C_write)
                  0000b68c    00000038     sensortag_opt.obj (.text:SensorTagOpt_reset)
                  0000b6c4    00000038     util.obj (.text:Util_restartClock)
                  0000b6fc    00000038     battservice.obj (.text:battMeasure$38)
                  0000b734    00000038     sysbios.aem3 : BIOS.obj (.text:ti_sysbios_family_arm_cc26xx_Timer_getCurrentTick__E)
                  0000b76c    00000038                  : BIOS.obj (.text:ti_sysbios_family_arm_m3_Hwi_Instance_finalize__E)
                  0000b7a4    00000038                  : BIOS.obj (.text:ti_sysbios_knl_Clock_Instance_init__E)
                  0000b7dc    00000038     app_ble_pem3.oem3 (.text:ti_sysbios_knl_Clock_create)
                  0000b814    00000038     app_ble_pem3.oem3 (.text:ti_sysbios_knl_Swi_construct)
                  0000b84c    00000038     app_ble_pem3.oem3 (.text:ti_sysbios_knl_Task_construct)
                  0000b884    00000038     sysbios.aem3 : BIOS.obj (.text:xdc_runtime_System_atexit__E)
                  0000b8bc    00000036     icall_api.obj (.text:waitMatchCS$27)
                  0000b8f2    00000002     sysbios.aem3 : BIOS.obj (.text:xdc_runtime_Error_policySpin__E)
                  0000b8f4    00000034     icall_api.obj (.text:GAPBondMgr_SetParameter)
                  0000b928    00000034     peripheral.obj (.text:GAPRole_SendUpdateParam)
                  0000b95c    00000034     icall_api.obj (.text:GAP_SetParamValue)
                  0000b990    00000034     icall.obj (.text:ICall_primEntityId2ServiceId$24)
                  0000b9c4    00000034     icall.obj (.text:ICall_primRegisterISR$24)
                  0000b9f8    00000034     icall.obj (.text:ICall_primRegisterISR_Ext$24)
                  0000ba2c    00000034     icall.obj (.text:ICall_searchServiceEntity)
                  0000ba60    00000034     ioservice.obj (.text:Io_setParameter)
                  0000ba94    00000034     movementservice.obj (.text:Movement_getParameter)
                  0000bac8    00000034     driverlib.lib : ddi.obj (.text:NOROM_DDI32RegWrite)
                  0000bafc    00000034                   : osc.obj (.text:NOROM_OSCHF_SwitchToRcOscTurnOffXosc)
                  0000bb30    00000034     PINCC26XX.obj (.text:PIN_setOutputValue)
                  0000bb64    00000034     drivers_cc26xxware.aem3 : PowerCC26XX.oem3 (.text:PowerCC26XX_isStableXOSC_HF)
                  0000bb98    00000034     RFCC26XX_singleMode.obj (.text:Q_push$19)
                  0000bbcc    00000034     RFCC26XX_singleMode.obj (.text:RF_runCmd)
                  0000bc00    00000034     registerservice.obj (.text:Register_getParameter)
                  0000bc34    00000034     icall_api.obj (.text:osal_snv_read)
                  0000bc68    00000034     icall_api.obj (.text:osal_snv_write)
                  0000bc9c    00000034     icall_api.obj (.text:profileAddService$27)
                  0000bcd0    00000034     sysbios.aem3 : BIOS.obj (.text:ti_sysbios_family_arm_cc26xx_Timer_initDevice__I)
                  0000bd04    00000034     app_ble_pem3.oem3 (.text:ti_sysbios_knl_Clock_construct)
                  0000bd38    00000034     app_ble_pem3.oem3 (.text:ti_sysbios_knl_Semaphore_create)
                  0000bd6c    00000034     sysbios.aem3 : BIOS.obj (.text:ti_sysbios_knl_Swi_restore__E)
                  0000bda0    00000034                  : BIOS.obj (.text:ti_sysbios_knl_Task_blockI__E)
                  0000bdd4    00000032     icall_api.obj (.text:gapSendParamsCmd$27)
                  0000be06    00000032     icall_api.obj (.text:gapSendPtrParamsCmd$27)
                  0000be38    00000032     icall_api.obj (.text:matchGapSetGetParamCS$27)
                  0000be6a    00000032     icall_api.obj (.text:matchGattCmdStatus$27)
                  0000be9c    00000032     icall_api.obj (.text:matchUtilNvCS$27)
                  0000bece    00000032     sysbios.aem3 : BIOS.obj (.text:ti_sysbios_family_arm_cc26xx_Timer_setNextTick__E)
                  0000bf00    00000030     icall_cc2650.obj (.text:ICallPlatform_pwrNotify$25)
                  0000bf30    00000030     icall_cc2650.obj (.text:ICallPlatform_pwrRegisterNotify)
                  0000bf60    00000030     icall.obj (.text:ICall_dispatch$24)
                  0000bf90    00000030     icall.obj (.text:ICall_msecs2Ticks$24)
                  0000bfc0    00000030     icall.obj (.text:ICall_searchTask$24)
                  0000bff0    00000030     driverlib.lib : setup_rom.obj (.text:NOROM_SetupSetAonRtcSubSecInc)
                  0000c020    00000030                   : trng.obj (.text:NOROM_TRNGConfigure)
                  0000c050    00000030     PINCC26XX.obj (.text:PIN_setInterrupt)
                  0000c080    00000030     drivers_cc26xxware.aem3 : PowerCC26XX.oem3 (.text:Power_releaseConstraint)
                  0000c0b0    00000030                             : PowerCC26XX.oem3 (.text:Power_setConstraint)
                  0000c0e0    00000030     ExtFlash.obj (.text:Spi_read$28)
                  0000c110    00000030     ExtFlash.obj (.text:Spi_write$28)
                  0000c140    00000030     oad.obj (.text:crc16$47)
                  0000c170    00000030     sensortag_factoryreset.obj (.text:crc16$5)
                  0000c1a0    00000030     app_ble_pem3.oem3 (.text:ti_sysbios_BIOS_atExitFunc__I)
                  0000c1d0    00000030     app_ble_pem3.oem3 (.text:ti_sysbios_BIOS_startFunc__I)
                  0000c200    00000030     sysbios.aem3 : BIOS.obj (.text:ti_sysbios_family_arm_cc26xx_Timer_setThreshold__I)
                  0000c230    00000030     app_ble_pem3.oem3 (.text:ti_sysbios_gates_GateHwi_Object__create__S)
                  0000c260    00000030     app_ble_pem3.oem3 (.text:ti_sysbios_gates_GateMutex_Object__create__S)
                  0000c290    00000030     sysbios.aem3 : BIOS.obj (.text:ti_sysbios_gates_GateMutex_enter__E)
                  0000c2c0    00000030     app_ble_pem3.oem3 (.text:ti_sysbios_knl_Semaphore_construct)
                  0000c2f0    00000030     sysbios.aem3 : BIOS.obj (.text:ti_sysbios_knl_Task_processVitalTaskFlag__I)
                  0000c320    00000030     app_ble_pem3.oem3 (.text:xdc_runtime_HeapMin_Object__create__S)
                  0000c350    00000030     sysbios.aem3 : BIOS.obj (.text:xdc_runtime_HeapMin_free__E)
                  0000c380    00000030                  : BIOS.obj (.text:xdc_runtime_System_processAtExit__E)
                  0000c3b0    0000002e     icall_cc2650.obj (.text:ICallPlatform_pwrDispenseImpl$25)
                  0000c3de    0000002e     icall_cc2650.obj (.text:ICallPlatform_pwrRequireImpl$25)
                  0000c40c    0000002e     simplekeys.obj (.text:SK_writeAttrCB$52)
                  0000c43a    0000002e     SensorOpt3001.obj (.text:SensorOpt3001_enable)
                  0000c468    0000002e     sysbios.aem3 : BIOS.obj (.text:ti_sysbios_family_arm_m3_TaskSupport_start__E)
                  0000c496    0000002e                  : BIOS.obj (.text:ti_sysbios_hal_Hwi_initStack)
                  0000c4c4    0000002c     ExtFlash.obj (.text:ExtFlash_writeEnable$28)
                  0000c4f0    0000002c     icall.obj (.text:ICall_heapFree)
                  0000c51c    0000002c     oad.obj (.text:ICall_malloc$47)
                  0000c548    0000002c     icall.obj (.text:ICall_msgEnqueue$24)
                  0000c574    0000002c     icall.obj (.text:ICall_primAllocMsg$24)
                  0000c5a0    0000002c     icall_api.obj (.text:ICall_sendServiceMsg$27)
                  0000c5cc    0000002c     PINCC26XX.obj (.text:PINCC26XX_setMux)
                  0000c5f8    0000002c     PINCC26XX.obj (.text:PIN_setConfig)
                  0000c624    0000002c     SensorI2C.obj (.text:SensorI2C_writeReg)
                  0000c650    0000002c     sensortag_mov.obj (.text:SensorTagMov_reset)
                  0000c67c    0000002c     RFCC26XX_singleMode.obj (.text:getCmd$19)
                  0000c6a8    0000002c     icall_api.obj (.text:matchProfileAddServiceCS$27)
                  0000c6d4    0000002c     sysbios.aem3 : BIOS.obj (.text:ti_sysbios_knl_Clock_getTicksUntilInterrupt__E)
                  0000c700    0000002c     app_ble_pem3.oem3 (.text:ti_sysbios_knl_Queue_construct)
                  0000c72c    0000002c     sysbios.aem3 : BIOS.obj (.text:ti_sysbios_knl_Semaphore_pendTimeout__I)
                  0000c758    0000002c                  : BIOS.obj (.text:ti_sysbios_knl_Task_unblockI__E)
                  0000c784    0000002c     st_util.obj (.text:utilExtractUuid16)
                  0000c7b0    0000002a     icall_api.obj (.text:ICall_waitMatch$27)
                  0000c7da    0000002a     icall_api.obj (.text:matchProfileCS$27)
                  0000c804    00000028     ccservice.obj (.text:CcService_setParameter)
                  0000c82c    00000028     driverlib.lib : aon_batmon.obj (.text:NOROM_AONBatMonTemperatureGetDegC)
                  0000c854    00000028                   : rfc.obj (.text:NOROM_RFCDoorbellSendTo)
                  0000c87c    00000028     drivers_cc26xxware.aem3 : PowerCC26XX.oem3 (.text:PowerCC26XX_switchXOSC_HF)
                  0000c8a4    00000028                             : PowerCC26XX.oem3 (.text:Power_registerNotify)
                  0000c8cc    00000028     simplekeys.obj (.text:SK_SetParameter)
                  0000c8f4    00000028     SPICC26XXDMA.obj (.text:SPICC26XXDMA_flushFifos$21)
                  0000c91c    00000028     driverlib.lib : adi.obj (.text:SafeHapiVoid)
                  0000c944    00000028     SensorBmp280.obj (.text:SensorBmp280_enable)
                  0000c96c    00000028     sensortag_batt.obj (.text:SensorTagBatt_reset)
                  0000c994    00000028     sensortag_buzzer.obj (.text:SensorTagBuzzer_close)
                  0000c9bc    00000028     sensortag_conn_ctrl.obj (.text:SensorTagConnControl_paramUpdateCB)
                  0000c9e4    00000028     sensortag_tmp.obj (.text:SensorTagTmp_reset)
                  0000ca0c    00000028     sensortag.obj (.text:SensorTag_resetAllModules$0)
                  0000ca34    00000028     TRNGCC26XX.obj (.text:TRNGCC26XX_init)
                  0000ca5c    00000028     RFCC26XX_singleMode.obj (.text:clkPowerUpFxn$19)
                  0000ca84    00000028     sysbios.aem3 : BIOS.obj (.text:ti_sysbios_knl_Clock_addI__E)
                  0000caac    00000028                  : BIOS.obj (.text:ti_sysbios_knl_Task_restore__E)
                  0000cad4    00000026     drivers_cc26xxware.aem3 : List.oem3 (.text:List_put)
                  0000cafa    00000026     sysbios.aem3 : BIOS.obj (.text:ti_sysbios_hal_Hwi_Instance_init__E)
                  0000cb20    00000024     barometerservice.obj (.text:Barometer_getParameter)
                  0000cb44    00000024     I2C.obj (.text:I2C_open)
                  0000cb68    00000024     icall_api.obj (.text:ICall_getLocalMsgEntityId$27)
                  0000cb8c    00000024     sensortag_hum.obj (.text:SensorTagHum_reset)
                  0000cbb0    00000024     drivers_cc26xxware.aem3 : PowerCC26XX_calibrateRCOSC.oem3 (.text:getTdcSemaphore)
                  0000cbd4    00000024     RFCC26XX_singleMode.obj (.text:hwiFxnCpe0PowerFsm$19)
                  0000cbf8    00000024     rtsv7M3_T_le_eabi.lib : memcmp.obj (.text)
                  0000cc1c    00000024     app_ble_pem3.oem3 (.text:ti_sysbios_BIOS_registerRTSLock__I)
                  0000cc40    00000024     app_ble_pem3.oem3 (.text:ti_sysbios_BIOS_removeRTSLock__I)
                  0000cc64    00000024     sysbios.aem3 : BIOS.obj (.text:ti_sysbios_family_arm_cc26xx_Timer_Module_startup__E)
                  0000cc88    00000024                  : BIOS.obj (.text:ti_sysbios_family_arm_cc26xx_Timer_getMaxTicks__E)
                  0000ccac    00000024                  : BIOS.obj (.text:ti_sysbios_family_arm_cc26xx_Timer_startup__E)
                  0000ccd0    00000024                  : BIOS.obj (.text:ti_sysbios_knl_Semaphore_Instance_init__E)
                  0000ccf4    00000024                  : BIOS.obj (.text:ti_sysbios_knl_Swi_Module_startup__E)
                  0000cd18    00000022                  : BIOS.obj (.text:ti_sysbios_family_arm_cc26xx_Timer_postInit__I)
                  0000cd3a    00000002                  : BIOS.obj (.text:xdc_runtime_SysCallback_defaultAbort)
                  0000cd3c    00000020     gattservapp_util.obj (.text:GATTServApp_InitCharCfg)
                  0000cd5c    00000020     humidityservice.obj (.text:Humidity_getParameter)
                  0000cd7c    00000020     icall_api.obj (.text:ICall_allocMsg$27)
                  0000cd9c    00000020     icall_api.obj (.text:ICall_getEntityId$27)
                  0000cdbc    00000020     icall.obj (.text:ICall_primService$24)
                  0000cddc    00000020     irtempservice.obj (.text:IRTemp_getParameter)
                  0000cdfc    00000020     opticservice.obj (.text:Optic_getParameter)
                  0000ce1c    00000020     drivers_cc26xxware.aem3 : PowerCC26XX.oem3 (.text:Power_unregisterNotify)
                  0000ce3c    00000020     sensortag_mov.obj (.text:SensorTagMov_processInterrupt$9)
                  0000ce5c    00000020     sensortag_opt.obj (.text:SensorTagOpt_clockHandler$11)
                  0000ce7c    00000020     gattservapp_util.obj (.text:gattServApp_FindCharCfgItem$42)
                  0000ce9c    00000020     sensortag_mov.obj (.text:initCharacteristicValue$9)
                  0000cebc    00000020     app_ble_pem3.oem3 (.text:ti_sysbios_BIOS_rtsLock__I)
                  0000cedc    00000020     sysbios.aem3 : BIOS.obj (.text:ti_sysbios_family_arm_cc26xx_Timer_dynamicStub__E)
                  0000cefc    00000020                  : m3_Hwi_asm.obj (.text:ti_sysbios_family_arm_m3_Hwi_excHandlerAsm__I)
                  0000cf1c    00000020                  : BIOS.obj (.text:ti_sysbios_family_arm_m3_Hwi_excHandler__I)
                  0000cf3c    00000020                  : BIOS.obj (.text:ti_sysbios_knl_Clock_Module_startup__E)
                  0000cf5c    00000020                  : BIOS.obj (.text:ti_sysbios_knl_Clock_getTicks__E)
                  0000cf7c    00000020                  : BIOS.obj (.text:ti_sysbios_knl_Clock_stop__E)
                  0000cf9c    00000020                  : BIOS.obj (.text:ti_sysbios_knl_Idle_run__E)
                  0000cfbc    00000020     app_ble_pem3.oem3 (.text:ti_sysbios_knl_Semaphore_Object__destruct__S)
                  0000cfdc    00000020     sysbios.aem3 : BIOS.obj (.text:ti_sysbios_knl_Task_restoreHwi__E)
                  0000cffc    0000001e     icall.obj (.text:ICall_primSendServiceMsg$24)
                  0000d01a    0000001e     PINCC26XX.obj (.text:PIN_close)
                  0000d038    0000001e     drivers_cc26xxware.aem3 : PowerCC26XX.oem3 (.text:Power_getTransitionLatency)
                  0000d056    0000001e     sysbios.aem3 : m3_Hwi_asm_switch.obj (.text:ti_sysbios_family_xxx_Hwi_switchAndRunFunc)
                  0000d074    0000001c     icall_api.obj (.text:GATT_bm_alloc)
                  0000d090    0000001c     icall_api.obj (.text:GATT_bm_free)
                  0000d0ac    0000001c     driverlib.lib : osc.obj (.text:NOROM_OSCClockSourceGet)
                  0000d0c8    0000001c     PINCC26XX.obj (.text:PINCC26XX_setIoCfgMux$18)
                  0000d0e4    0000001c     PINCC26XX.obj (.text:PIN_hwi$18)
                  0000d100    0000001c     RFCC26XX_singleMode.obj (.text:RF_runDirectCmd)
                  0000d11c    0000001c     RFCC26XX_singleMode.obj (.text:RF_runImmediateCmd)
                  0000d138    0000001c     TRNGCC26XX.obj (.text:TRNGCC26XX_open)
                  0000d154    0000001c     icall_api.obj (.text:getStatusValueFromErrNo$27)
                  0000d170    0000001c     TRNGCC26XX.obj (.text:openTRNG)
                  0000d18c    0000001c     app_ble_pem3.oem3 (.text:ti_sysbios_family_arm_m3_Hwi_Object__destruct__S)
                  0000d1a8    0000001c     sysbios.aem3 : BIOS.obj (.text:ti_sysbios_family_arm_m3_Hwi_setPriority__E)
                  0000d1c4    0000001c                  : BIOS.obj (.text:ti_sysbios_gates_GateMutex_Instance_init__E)
                  0000d1e0    0000001c     app_ble_pem3.oem3 (.text:ti_sysbios_hal_Hwi_HwiProxy_create)
                  0000d1fc    0000001c     sysbios.aem3 : BIOS.obj (.text:ti_sysbios_knl_Clock_scheduleNextTick__E)
                  0000d218    0000001c     app_ble_pem3.oem3 (.text:ti_sysbios_knl_Queue_Object__destruct__S)
                  0000d234    0000001c     sysbios.aem3 : BIOS.obj (.text:ti_sysbios_knl_Queue_get__E)
                  0000d250    0000001c                  : BIOS.obj (.text:ti_sysbios_knl_Queue_put__E)
                  0000d26c    0000001c     app_ble_pem3.oem3 (.text:ti_sysbios_knl_Swi_Object__destruct__S)
                  0000d288    0000001c     sysbios.aem3 : BIOS.obj (.text:ti_sysbios_knl_Task_enter__I)
                  0000d2a4    0000001c                  : BIOS.obj (.text:xdc_runtime_Error_check__E)
                  0000d2c0    0000001c                  : BIOS.obj (.text:xdc_runtime_Error_raiseX__E)
                  0000d2dc    0000001c                  : BIOS.obj (.text:xdc_runtime_Memory_valloc__E)
                  0000d2f8    0000001c                  : BIOS.obj (.text:xdc_runtime_System_abort__E)
                  0000d314    0000001a     icall_api.obj (.text:GATT_Notification)
                  0000d32e    0000001a     icall.obj (.text:ICall_enterCSImpl)
                  0000d348    0000001a     icall.obj (.text:ICall_primSetTimerMSecs$24)
                  0000d362    0000001a     drivers_cc26xxware.aem3 : List.oem3 (.text:List_remove)
                  0000d37c    0000001a     icall_api.obj (.text:matchGattIndNotiCS$27)
                  0000d396    0000001a     sysbios.aem3 : m3_Hwi_asm.obj (.text:ti_sysbios_family_arm_m3_Hwi_pendSV__I)
                  0000d3b0    0000001a                  : BIOS.obj (.text:ti_sysbios_knl_Task_sleepTimeout__I)
                  0000d3ca    00000002                  : BIOS.obj (.text:xdc_runtime_SysCallback_defaultExit)
                  0000d3cc    00000018     I2C.obj (.text:I2C_Params_init)
                  0000d3e4    00000018     icall_cc2650.obj (.text:ICallPlatform_pwrDispense)
                  0000d3fc    00000018     icall_cc2650.obj (.text:ICallPlatform_pwrRequire)
                  0000d414    00000018     util.obj (.text:ICall_free$14)
                  0000d42c    00000018     oad.obj (.text:ICall_free$47)
                  0000d444    00000018     icall_api.obj (.text:ICall_freeMsg$27)
                  0000d45c    00000018     icall.obj (.text:ICall_primMalloc$24)
                  0000d474    00000018     driverlib.lib : aon_rtc.obj (.text:NOROM_AONRTCCurrentCompareValueGet)
                  0000d48c    00000018                   : chipinfo.obj (.text:NOROM_ChipInfo_GetPackageType)
                  0000d4a4    00000018                   : osc.obj (.text:NOROM_OSCHF_TurnOnXosc)
                  0000d4bc    00000018                   : rfc.obj (.text:NOROM_RFCCpeIntGetAndClear)
                  0000d4d4    00000018     oad_target_external_flash.obj (.text:OADTarget_open)
                  0000d4ec    00000018     drivers_cc26xxware.aem3 : PowerCC26XX.oem3 (.text:Power_idleFunc)
                  0000d504    00000018     RFCC26XX_singleMode.obj (.text:Q_pop$19)
                  0000d51c    00000018     sensortag_batt.obj (.text:SensorTagBatt_clockHandler$2)
                  0000d534    00000018     sensortag_mov.obj (.text:SensorTagMov_clockHandler$9)
                  0000d54c    00000018     sensortag.obj (.text:SensorTag_clockHandler$0)
                  0000d564    00000018     sensortag.obj (.text:SensorTag_updateAdvertisingData)
                  0000d57c    00000018     drivers_cc26xxware.aem3 : PowerCC26XX.oem3 (.text:configureRFCoreClocks)
                  0000d594    00000018     peripheral.obj (.text:gapRole_setEvent$50)
                  0000d5ac    00000018     sensortag_opt.obj (.text:initCharacteristicValue$11)
                  0000d5c4    00000018     sensortag_tmp.obj (.text:initCharacteristicValue$13)
                  0000d5dc    00000018     sensortag_bar.obj (.text:initCharacteristicValue$1)
                  0000d5f4    00000018     sensortag_hum.obj (.text:initCharacteristicValue$6)
                  0000d60c    00000018     rtsv7M3_T_le_eabi.lib : args_main.obj (.text)
                  0000d624    00000018                           : ll_mul_t2.obj (.text)
                  0000d63c    00000018     RFCC26XX_singleMode.obj (.text:swiFxnFsm$19)
                  0000d654    00000018     app_ble_pem3.oem3 (.text:ti_sysbios_BIOS_rtsUnlock__I)
                  0000d66c    00000018     app_ble_pem3.oem3 (.text:ti_sysbios_family_arm_cc26xx_Timer_Module__startupDone__F)
                  0000d684    00000018     app_ble_pem3.oem3 (.text:ti_sysbios_family_arm_m3_Hwi_Module__startupDone__F)
                  0000d69c    00000018     sysbios.aem3 : BIOS.obj (.text:ti_sysbios_family_arm_m3_Hwi_plug__E)
                  0000d6b4    00000018                  : BIOS.obj (.text:ti_sysbios_gates_GateMutex_leave__E)
                  0000d6cc    00000018                  : BIOS.obj (.text:ti_sysbios_knl_Swi_or__E)
                  0000d6e4    00000018                  : BIOS.obj (.text:ti_sysbios_knl_Task_unblock__E)
                  0000d6fc    00000018                  : BIOS.obj (.text:xdc_runtime_Core_destructObject__I)
                  0000d714    00000018                  : BIOS.obj (.text:xdc_runtime_System_exit__E)
                  0000d72c    00000016     main.obj (.text:AssertHandler)
                  0000d742    00000016     icall.obj (.text:ICall_leaveCSImpl)
                  0000d758    00000016     icall.obj (.text:ICall_primStopTimer$24)
                  0000d76e    00000016     ble_user_config.obj (.text:driverTable_fnSpinlock)
                  0000d784    00000016     app_ble_pem3.oem3 (.text:ti_sysbios_BIOS_exitFunc__I)
                  0000d79a    00000016     sysbios.aem3 : BIOS.obj (.text:ti_sysbios_knl_Clock_start__E)
                  0000d7b0    00000014     ioservice.obj (.text:Io_getParameter)
                  0000d7c4    00000014     driverlib.lib : aon_rtc.obj (.text:NOROM_AONRTCCurrent64BitValueGet)
                  0000d7d8    00000014     oad_target_external_flash.obj (.text:OADTarget_close)
                  0000d7ec    00000014     PINCC26XX.obj (.text:PINCC26XX_getInputValue$18)
                  0000d800    00000014     PINCC26XX.obj (.text:PINCC26XX_getOutputValue$18)
                  0000d814    00000014     SensorMpu9250.obj (.text:SensorMpu9250_Callback$32)
                  0000d828    00000014     SensorMpu9250.obj (.text:SensorMpu9250_powerIsOn)
                  0000d83c    00000014     sensortag_keys.obj (.text:SensorTagKeys_reset)
                  0000d850    00000014     SensorUtil.obj (.text:SensorUtil_convertToLe)
                  0000d864    00000014     rtsv7M3_T_le_eabi.lib : _lock.obj (.text)
                  0000d878    00000014                           : strlen.obj (.text)
                  0000d88c    00000014     icall_api.obj (.text:setICallCmdEvtHdr$27)
                  0000d8a0    00000014     app_ble_pem3.oem3 (.text:ti_sysbios_family_arm_m3_Hwi_Object__get__S)
                  0000d8b4    00000014     sysbios.aem3 : BIOS.obj (.text:ti_sysbios_family_arm_m3_Hwi_switchFromBootStack__E)
                  0000d8c8    00000014     app_ble_pem3.oem3 (.text:ti_sysbios_knl_Clock_doTick__I)
                  0000d8dc    00000014     app_ble_pem3.oem3 (.text:ti_sysbios_knl_Swi_Object__get__S)
                  0000d8f0    00000012     gattservapp_util.obj (.text:GATTServApp_FindAttr)
                  0000d902    00000012     RFCC26XX_singleMode.obj (.text:RF_getCmdOp)
                  0000d914    00000012     sysbios.aem3 : BIOS.obj (.text:ti_sysbios_hal_Hwi_Module_startup__E)
                  0000d926    00000012     app_ble_pem3.oem3 (.text:xdc_runtime_Startup_exec__I)
                  0000d938    00000010     icall_api.obj (.text:GAP_EndDiscoverable)
                  0000d948    00000010     gattservapp_util.obj (.text:GATTServApp_ReadCharCfg)
                  0000d958    00000010     icall_cc2650.obj (.text:ICallPlatform_pwrGetXOSCStartupTime)
                  0000d968    00000010     icall.obj (.text:ICall_primGetTickPeriod$24)
                  0000d978    00000010     icall.obj (.text:ICall_taskEntry$24)
                  0000d988    00000010     util.obj (.text:Util_isActive)
                  0000d998    00000010     ExtFlash.obj (.text:extFlashDeselect$28)
                  0000d9a8    00000010     ExtFlash.obj (.text:extFlashSelect$28)
                  0000d9b8    00000010     I2CCC26XX.obj (.text:i2cPostNotify$17)
                  0000d9c8    00000010     sysbios.aem3 : BIOS.obj (.text:ti_sysbios_BIOS_exit__E)
                  0000d9d8    00000010                  : BIOS.obj (.text:ti_sysbios_BIOS_getCpuFreq__E)
                  0000d9e8    00000010                  : BIOS.obj (.text:ti_sysbios_BIOS_setThreadType__E)
                  0000d9f8    00000010                  : BIOS.obj (.text:ti_sysbios_BIOS_start__E)
                  0000da08    00000010                  : BIOS.obj (.text:ti_sysbios_family_arm_m3_Hwi_post__E)
                  0000da18    00000010                  : m3_TaskSupport_asm.obj (.text:ti_sysbios_family_arm_m3_TaskSupport_glue)
                  0000da28    00000010                  : m3_TaskSupport_asm.obj (.text:ti_sysbios_family_arm_m3_TaskSupport_swap__E)
                  0000da38    00000010     app_ble_pem3.oem3 (.text:ti_sysbios_hal_Hwi_HwiProxy_Object__create__S)
                  0000da48    00000010     sysbios.aem3 : BIOS.obj (.text:ti_sysbios_knl_Semaphore_Instance_finalize__E)
                  0000da58    00000010                  : BIOS.obj (.text:ti_sysbios_knl_Swi_disable__E)
                  0000da68    00000010                  : BIOS.obj (.text:ti_sysbios_knl_Swi_enabled__E)
                  0000da78    00000010     app_ble_pem3.oem3 (.text:ti_sysbios_knl_Task_Object__get__S)
                  0000da88    00000010     sysbios.aem3 : BIOS.obj (.text:ti_sysbios_knl_Task_disable__E)
                  0000da98    00000010                  : BIOS.obj (.text:xdc_runtime_Gate_leaveSystem__E)
                  0000daa8    00000010                  : BIOS.obj (.text:xdc_runtime_SysCallback_abort__E)
                  0000dab8    00000010                  : BIOS.obj (.text:xdc_runtime_SysCallback_exit__E)
                  0000dac8    0000000e     icall_cc2650.obj (.text:ICallPlatform_pwrGetTransitionState)
                  0000dad6    0000000e     icall_cc2650.obj (.text:ICallPlatform_pwrIsStableXOSCHF)
                  0000dae4    0000000e     icall.obj (.text:ICall_primDisableMInt$24)
                  0000daf2    0000000e     icall.obj (.text:ICall_primEnableMInt$24)
                  0000db00    0000000e     icall.obj (.text:ICall_primFreeMsg$24)
                  0000db0e    0000000e     icall.obj (.text:ICall_primGetTicks$24)
                  0000db1c    0000000e     driverlib.lib : vims.obj (.text:NOROM_VIMSModeGet)
                  0000db2a    0000000e     SPICC26XXDMA.obj (.text:SPICC26XXDMA_init)
                  0000db38    0000000e     SensorI2C.obj (.text:SensorI2C_readReg)
                  0000db46    0000000e     util.obj (.text:Util_constructQueue)
                  0000db54    0000000e     rtsv7M3_T_le_eabi.lib : copy_decompress_none.obj (.text:decompress:none)
                  0000db62    0000000e     icall_api.obj (.text:matchGSARegisterServiceCS$27)
                  0000db70    0000000e     icall_api.obj (.text:matchGapLinkEstCS$27)
                  0000db7e    0000000e     icall_api.obj (.text:matchLinkDBNumConnsCS$27)
                  0000db8c    0000000e     icall_api.obj (.text:setDispatchCmdEvtHdr$27)
                  0000db9a    0000000e     sysbios.aem3 : BIOS.obj (.text:ti_sysbios_knl_Queue_empty__E)
                  0000dba8    0000000e                  : BIOS.obj (.text:ti_sysbios_knl_Queue_remove__E)
                  0000dbb6    0000000e                  : BIOS.obj (.text:xdc_runtime_HeapMin_Instance_init__E)
                  0000dbc4    0000000c     RFCC26XX_singleMode.obj (.text:FsmNextState$19)
                  0000dbd0    0000000c     icall.obj (.text:ICall_clockFunc$24)
                  0000dbdc    0000000c     icall.obj (.text:ICall_primDisableInt$24)
                  0000dbe8    0000000c     icall.obj (.text:ICall_primEnableInt$24)
                  0000dbf4    0000000c     icall.obj (.text:ICall_primFree$24)
                  0000dc00    0000000c     icall.obj (.text:ICall_primSignal$24)
                  0000dc0c    0000000c     driverlib.lib : cpu.obj (.text:NOROM_CPUcpsid)
                  0000dc18    0000000c                   : cpu.obj (.text:NOROM_CPUcpsie)
                  0000dc24    0000000c     drivers_cc26xxware.aem3 : PowerCC26XX.oem3 (.text:Power_getConstraintMask)
                  0000dc30    0000000c                             : PowerCC26XX.oem3 (.text:Power_getDependencyCount)
                  0000dc3c    0000000c                             : PowerCC26XX.oem3 (.text:Power_getTransitionState)
                  0000dc48    0000000c     SensorI2C.obj (.text:SensorI2C_deselect)
                  0000dc54    0000000c     sensortag.obj (.text:SensorTag_testResult)
                  0000dc60    0000000c     rtsv7M3_T_le_eabi.lib : copy_zero_init.obj (.text:decompress:ZI)
                  0000dc6c    0000000c     icall_api.obj (.text:matchProfileSetParamCS$27)
                  0000dc78    0000000c     SPICC26XXDMA.obj (.text:spiPostNotify$21)
                  0000dc84    0000000c     sysbios.aem3 : BIOS.obj (.text:ti_sysbios_BIOS_getThreadType__E)
                  0000dc90    0000000c     app_ble_pem3.oem3 (.text:ti_sysbios_family_arm_m3_Hwi_Params__init__S)
                  0000dc9c    0000000c     sysbios.aem3 : BIOS.obj (.text:ti_sysbios_family_arm_m3_Hwi_disableFxn__E)
                  0000dca8    0000000c                  : BIOS.obj (.text:ti_sysbios_family_arm_m3_Hwi_enableFxn__E)
                  0000dcb4    0000000c                  : BIOS.obj (.text:ti_sysbios_family_arm_m3_TaskSupport_getStackAlignment__E)
                  0000dcc0    0000000c                  : BIOS.obj (.text:ti_sysbios_gates_GateHwi_enter__E)
                  0000dccc    0000000c     app_ble_pem3.oem3 (.text:ti_sysbios_hal_Hwi_Params__init__S)
                  0000dcd8    0000000c     app_ble_pem3.oem3 (.text:ti_sysbios_knl_Clock_Params__init__S)
                  0000dce4    0000000c     app_ble_pem3.oem3 (.text:ti_sysbios_knl_Queue_Object__get__S)
                  0000dcf0    0000000c     sysbios.aem3 : BIOS.obj (.text:ti_sysbios_knl_Queue_dequeue__E)
                  0000dcfc    0000000c                  : BIOS.obj (.text:ti_sysbios_knl_Queue_enqueue__E)
                  0000dd08    0000000c     app_ble_pem3.oem3 (.text:ti_sysbios_knl_Semaphore_Params__init__S)
                  0000dd14    0000000c     app_ble_pem3.oem3 (.text:ti_sysbios_knl_Swi_Params__init__S)
                  0000dd20    0000000c     sysbios.aem3 : BIOS.obj (.text:ti_sysbios_knl_Swi_getTrigger__E)
                  0000dd2c    0000000c     app_ble_pem3.oem3 (.text:ti_sysbios_knl_Task_Params__init__S)
                  0000dd38    0000000c     sysbios.aem3 : BIOS.obj (.text:ti_sysbios_knl_Task_self__E)
                  0000dd44    0000000c                  : BIOS.obj (.text:xdc_runtime_Gate_enterSystem__E)
                  0000dd50    0000000c                  : BIOS.obj (.text:xdc_runtime_HeapMin_getStats__E)
                  0000dd5c    0000000c                  : BIOS.obj (.text:xdc_runtime_Memory_calloc__E)
                  0000dd68    0000000c                  : BIOS.obj (.text:xdc_runtime_Memory_getMaxDefaultTypeAlign__E)
                  0000dd74    0000000c                  : BIOS.obj (.text:xdc_runtime_Startup_rtsDone__E)
                  0000dd80    0000000a     I2CCC26XX.obj (.text:I2CCC26XX_init)
                  0000dd8a    0000000a     I2C.obj (.text:I2C_close)
                  0000dd94    0000000a     I2C.obj (.text:I2C_transfer)
                  0000dd9e    0000000a     icall_cc2650.obj (.text:ICallPlatform_pwrSwitchXOSCHF)
                  0000dda8    0000000a     icall.obj (.text:ICall_primE2S$24)
                  0000ddb2    0000000a     drivers_cc26xxware.aem3 : List.oem3 (.text:List_empty)
                  0000ddbc    0000000a     SPI.obj (.text:SPI_transfer)
                  0000ddc6    0000000a     sensortag.obj (.text:SensorTag_charValueChangeCB)
                  0000ddd0    0000000a     sensortag.obj (.text:SensorTag_stateChangeCB$0)
                  0000ddda    0000000a     UDMACC26XX.obj (.text:UDMACC26XX_hwiIntFxn)
                  0000dde4    0000000a     app_ble_pem3.oem3 (.text:xdc_runtime_IHeap_alloc)
                  0000ddee    00000008     I2CCC26XX.obj (.text:I2CCC26XX_blockingCallback$17)
                  0000ddf6    00000008     RFCC26XX_singleMode.obj (.text:RF_flushCmd)
                  0000ddfe    00000008     SPICC26XXDMA.obj (.text:SPICC26XXDMA_transferCallback$21)
                  0000de06    00000008     sensortag_conn_ctrl.obj (.text:ccChangeCB$4)
                  0000de0e    00000008     sensortag_io.obj (.text:ioChangeCB$7)
                  0000de16    00000008     sensortag_register.obj (.text:registerChangeCB$12)
                  0000de1e    00000008     sensortag_mov.obj (.text:sensorChangeCB$9)
                  0000de26    00000008     sensortag_opt.obj (.text:sensorConfigChangeCB$11)
                  0000de2e    00000008     sensortag_tmp.obj (.text:sensorConfigChangeCB$13)
                  0000de36    00000008     sensortag_bar.obj (.text:sensorConfigChangeCB$1)
                  0000de3e    00000008     sensortag_batt.obj (.text:sensorConfigChangeCB$2)
                  0000de46    00000008     sensortag_hum.obj (.text:sensorConfigChangeCB$6)
                  0000de4e    00000008     sysbios.aem3 : BIOS.obj (.text:ti_sysbios_family_arm_m3_Hwi_doSwiRestore__I)
                  0000de56    00000008                  : BIOS.obj (.text:ti_sysbios_family_arm_m3_Hwi_startup__E)
                  0000de5e    00000008                  : BIOS.obj (.text:ti_sysbios_knl_Idle_loop__E)
                  0000de66    00000006     I2CCC26XX.obj (.text:I2CCC26XX_control)
                  0000de6c    00000006     driverlib.lib : cpu.obj (.text:NOROM_CPUdelay)
                  0000de72    00000006     PINCC26XX.obj (.text:PIN_registerIntCb)
                  0000de78    00000006     RFCC26XX_singleMode.obj (.text:clkInactivityFxn$19)
                  0000de7e    00000006     icall_api.obj (.text:matchBondMgrSetParamCS$27)
                  0000de84    00000006     icall_api.obj (.text:matchGGSSetParamCS$27)
                  0000de8a    00000006     icall_api.obj (.text:matchGapConnParamUpdateReplyCS$27)
                  0000de90    00000006     icall_api.obj (.text:matchGapDeviceInitCS$27)
                  0000de96    00000006     icall_api.obj (.text:matchGapEndDiscoverableCS$27)
                  0000de9c    00000006     icall_api.obj (.text:matchGapGetParamCS$27)
                  0000dea2    00000006     icall_api.obj (.text:matchGapMakeDiscoverableCS$27)
                  0000dea8    00000006     icall_api.obj (.text:matchGapSetParamCS$27)
                  0000deae    00000006     icall_api.obj (.text:matchGapTerminateAuthCS$27)
                  0000deb4    00000006     icall_api.obj (.text:matchGapTerminateLinkReqCS$27)
                  0000deba    00000006     icall_api.obj (.text:matchGapUpdateAdvDataCS$27)
                  0000dec0    00000006     icall_api.obj (.text:matchGapUpdateLinkParamReqCS$27)
                  0000dec6    00000006     icall_api.obj (.text:matchUtilNvReadCS$27)
                  0000decc    00000006     icall_api.obj (.text:matchUtilNvWriteCS$27)
                  0000ded2    00000006     sysbios.aem3 : BIOS.obj (.text:ti_sysbios_family_arm_m3_Hwi_doTaskRestore__I)
                  0000ded8    00000006                  : BIOS.obj (.text:ti_sysbios_family_arm_m3_Hwi_restoreFxn__E)
                  0000dede    00000006                  : BIOS.obj (.text:ti_sysbios_family_arm_m3_Hwi_setFunc__E)
                  0000dee4    00000006                  : BIOS.obj (.text:ti_sysbios_gates_GateHwi_leave__E)
                  0000deea    00000006                  : BIOS.obj (.text:ti_sysbios_knl_Queue_Instance_init__E)
                  0000def0    00000006                  : BIOS.obj (.text:ti_sysbios_knl_Queue_elemClear__E)
                  0000def6    00000006                  : BIOS.obj (.text:ti_sysbios_knl_Swi_startup__E)
                  0000defc    00000006                  : BIOS.obj (.text:ti_sysbios_knl_Task_enable__E)
                  0000df02    00000006                  : BIOS.obj (.text:xdc_runtime_System_Module_startup__E)
                  0000df08    00000004     tirtosport.aem3 : HwiP_tirtos.oem3 (.text:HwiP_disable)
                  0000df0c    00000004     icall.obj (.text:ICall_primAbort$24)
                  0000df10    00000004     drivers_cc26xxware.aem3 : List.oem3 (.text:List_head)
                  0000df14    00000004                             : List.oem3 (.text:List_next)
                  0000df18    00000004     RFCC26XX_singleMode.obj (.text:Q_peek$19)
                  0000df1c    00000004     util.obj (.text:Util_startClock)
                  0000df20    00000004     util.obj (.text:Util_stopClock)
                  0000df24    00000004     drivers_cc26xxware.aem3 : PowerCC26XX.oem3 (.text:nopResourceHandler)
                  0000df28    00000004     app_ble_pem3.oem3 (.text:ti_sysbios_BIOS_RtsGateProxy_enter__E)
                  0000df2c    00000004     app_ble_pem3.oem3 (.text:ti_sysbios_BIOS_RtsGateProxy_leave__E)
                  0000df30    00000004     sysbios.aem3 : BIOS.obj (.text:ti_sysbios_family_arm_cc26xx_Timer_getCount64__E)
                  0000df34    00000004                  : BIOS.obj (.text:ti_sysbios_family_arm_cc26xx_Timer_setPeriod__E)
                  0000df38    00000004     app_ble_pem3.oem3 (.text:ti_sysbios_family_arm_m3_Hwi_destruct)
                  0000df3c    00000004     app_ble_pem3.oem3 (.text:ti_sysbios_family_arm_m3_TaskSupport_Module__startupDone__S)
                  0000df40    00000004     sysbios.aem3 : BIOS.obj (.text:ti_sysbios_gates_GateHwi_query__E)
                  0000df44    00000004                  : BIOS.obj (.text:ti_sysbios_gates_GateMutex_query__E)
                  0000df48    00000004     app_ble_pem3.oem3 (.text:ti_sysbios_knl_Clock_TimerProxy_getCurrentTick__E)
                  0000df4c    00000004     app_ble_pem3.oem3 (.text:ti_sysbios_knl_Clock_TimerProxy_getMaxTicks__E)
                  0000df50    00000004     app_ble_pem3.oem3 (.text:ti_sysbios_knl_Clock_TimerProxy_setNextTick__E)
                  0000df54    00000004     sysbios.aem3 : BIOS.obj (.text:ti_sysbios_knl_Clock_isActive__E)
                  0000df58    00000004                  : BIOS.obj (.text:ti_sysbios_knl_Clock_removeI__E)
                  0000df5c    00000004                  : BIOS.obj (.text:ti_sysbios_knl_Clock_setPeriod__E)
                  0000df60    00000004                  : BIOS.obj (.text:ti_sysbios_knl_Clock_setTimeout__E)
                  0000df64    00000004     app_ble_pem3.oem3 (.text:ti_sysbios_knl_Queue_destruct)
                  0000df68    00000004     sysbios.aem3 : BIOS.obj (.text:ti_sysbios_knl_Queue_head__E)
                  0000df6c    00000004                  : BIOS.obj (.text:ti_sysbios_knl_Queue_insert__E)
                  0000df70    00000004                  : BIOS.obj (.text:ti_sysbios_knl_Queue_next__E)
                  0000df74    00000004     app_ble_pem3.oem3 (.text:ti_sysbios_knl_Semaphore_destruct)
                  0000df78    00000004     app_ble_pem3.oem3 (.text:ti_sysbios_knl_Swi_destruct)
                  0000df7c    00000004     sysbios.aem3 : BIOS.obj (.text:ti_sysbios_knl_Swi_postInit__I)
                  0000df80    00000004                  : BIOS.obj (.text:ti_sysbios_knl_Task_startup__E)
                  0000df84    00000004                  : BIOS.obj (.text:xdc_runtime_HeapMin_isBlocking__E)
                  0000df88    00000004     app_ble_pem3.oem3 (.text:xdc_runtime_System_Module_GateProxy_enter__E)
                  0000df8c    00000004     app_ble_pem3.oem3 (.text:xdc_runtime_System_Module_GateProxy_leave__E)
                  0000df90    00000002     sysbios.aem3 : BIOS.obj (.text:xdc_runtime_System_abortSpin__E)
                  0000df92    00000002                  : BIOS.obj (.text:xdc_runtime_System_exitSpin__E)

.const     0    0000df94    00000b84     
                  0000df94    000000cc     icall.obj (.const:$O20$$)
                  0000e060    00000068     board.obj (.const:BoardGpioInitTable)
                  0000e0c8    0000004c     oad.obj (.const:$O39$$)
                  0000e114    0000004c     drivers_cc26xxware.aem3 : PowerCC26XX.oem3 (.const:resourceDB)
                  0000e160    0000004c     ble_user_config.obj (.const:rfDriverTable)
                  0000e1ac    0000003c     sensortag.obj (.const:$O2$$)
                  0000e1e8    0000003c     app_ble_pem3.oem3 (.const:ti_sysbios_knl_Task_Object__PARAMS__C)
                  0000e224    00000038     SPICC26XXDMA.obj (.const:$O18$$)
                  0000e25c    00000038     board.obj (.const:spiCC26XXDMAHWAttrs)
                  0000e294    00000030     app_ble_pem3.oem3 (.const:ti_sysbios_family_arm_m3_Hwi_Object__PARAMS__C)
                  0000e2c4    0000002c     gatt_uuid.obj (.const:$O33$$)
                  0000e2f0    0000002c     app_ble_pem3.oem3 (.const:ti_sysbios_hal_Hwi_Object__PARAMS__C)
                  0000e31c    00000028     app_ble_pem3.oem3 (.const:ti_sysbios_knl_Swi_Object__PARAMS__C)
                  0000e344    00000028     app_ble_pem3.oem3 (.const:xdc_runtime_HeapMin_Module__FXNS__C)
                  0000e36c    00000027     ble_user_config.obj (.const:txPowerTable)
                  0000e393    00000001     app_ble_pem3.oem3 (.const:xdc_runtime_Error_policy__C)
                  0000e394    00000024     board.obj (.const:SPI_config)
                  0000e3b8    00000024     app_ble_pem3.oem3 (.const:ti_sysbios_gates_GateHwi_Module__FXNS__C)
                  0000e3dc    00000024     app_ble_pem3.oem3 (.const:ti_sysbios_gates_GateMutex_Module__FXNS__C)
                  0000e400    00000024     app_ble_pem3.oem3 (.const:ti_sysbios_knl_Clock_Object__PARAMS__C)
                  0000e424    00000024     app_ble_pem3.oem3 (.const:ti_sysbios_knl_Semaphore_Object__PARAMS__C)
                  0000e448    00000020     SPI.obj (.const:SPI_defaultParams)
                  0000e468    00000020     app_ble_pem3.oem3 (.const:ti_sysbios_family_arm_m3_Hwi_Object__DESC__C)
                  0000e488    00000020     app_ble_pem3.oem3 (.const:ti_sysbios_gates_GateHwi_Object__DESC__C)
                  0000e4a8    00000020     app_ble_pem3.oem3 (.const:ti_sysbios_gates_GateMutex_Object__DESC__C)
                  0000e4c8    00000020     app_ble_pem3.oem3 (.const:ti_sysbios_hal_Hwi_Object__DESC__C)
                  0000e4e8    00000020     app_ble_pem3.oem3 (.const:ti_sysbios_knl_Clock_Object__DESC__C)
                  0000e508    00000020     app_ble_pem3.oem3 (.const:ti_sysbios_knl_Queue_Object__DESC__C)
                  0000e528    00000020     app_ble_pem3.oem3 (.const:ti_sysbios_knl_Semaphore_Object__DESC__C)
                  0000e548    00000020     app_ble_pem3.oem3 (.const:ti_sysbios_knl_Swi_Object__DESC__C)
                  0000e568    00000020     app_ble_pem3.oem3 (.const:ti_sysbios_knl_Task_Object__DESC__C)
                  0000e588    00000020     app_ble_pem3.oem3 (.const:xdc_runtime_HeapMin_Object__DESC__C)
                  0000e5a8    00000020     app_ble_pem3.oem3 (.const:xdc_runtime_HeapMin_Object__PARAMS__C)
                  0000e5c8    0000001c     SPICC26XXDMA.obj (.const:SPICC26XXDMA_fxnTable)
                  0000e5e4    0000001c     app_ble_pem3.oem3 (.const:xdc_runtime_Startup_sfxnTab__A)
                  0000e600    00000018     I2CCC26XX.obj (.const:I2CCC26XX_fxnTable)
                  0000e618    00000018     board.obj (.const:I2C_config)
                  0000e630    00000018     board.obj (.const:i2cCC26xxHWAttrs)
                  0000e648    00000018     app_ble_pem3.oem3 (.const:ti_sysbios_gates_GateHwi_Object__PARAMS__C)
                  0000e660    00000018     app_ble_pem3.oem3 (.const:ti_sysbios_gates_GateMutex_Object__PARAMS__C)
                  0000e678    00000018     app_ble_pem3.oem3 (.const:ti_sysbios_knl_Queue_Object__PARAMS__C)
                  0000e690    00000014     RFCC26XX_singleMode.obj (.const:RF_defaultParams$19)
                  0000e6a4    00000010     ccservice.obj (.const:.string:ccServiceServUUID)
                  0000e6b4    00000010     ccservice.obj (.const:.string:ccServicechar1UUID)
                  0000e6c4    00000010     ccservice.obj (.const:.string:ccServicechar2UUID)
                  0000e6d4    00000010     ccservice.obj (.const:.string:ccServicechar3UUID)
                  0000e6e4    00000010     ioservice.obj (.const:.string:ioConfUUID)
                  0000e6f4    00000010     ioservice.obj (.const:.string:ioDataUUID)
                  0000e704    00000010     ioservice.obj (.const:.string:ioServUUID)
                  0000e714    00000010     oad.obj (.const:.string:oadServUUID$47)
                  0000e724    00000010     registerservice.obj (.const:.string:registerAddressUUID$51)
                  0000e734    00000010     registerservice.obj (.const:.string:registerDataUUID$51)
                  0000e744    00000010     registerservice.obj (.const:.string:registerDeviceIDUUID$51)
                  0000e754    00000010     barometerservice.obj (.const:.string:sensorCfgUUID$37)
                  0000e764    00000010     humidityservice.obj (.const:.string:sensorCfgUUID$43)
                  0000e774    00000010     irtempservice.obj (.const:.string:sensorCfgUUID$45)
                  0000e784    00000010     movementservice.obj (.const:.string:sensorCfgUUID$46)
                  0000e794    00000010     opticservice.obj (.const:.string:sensorCfgUUID$49)
                  0000e7a4    00000010     barometerservice.obj (.const:.string:sensorDataUUID$37)
                  0000e7b4    00000010     humidityservice.obj (.const:.string:sensorDataUUID$43)
                  0000e7c4    00000010     irtempservice.obj (.const:.string:sensorDataUUID$45)
                  0000e7d4    00000010     movementservice.obj (.const:.string:sensorDataUUID$46)
                  0000e7e4    00000010     opticservice.obj (.const:.string:sensorDataUUID$49)
                  0000e7f4    00000010     barometerservice.obj (.const:.string:sensorPeriodUUID$37)
                  0000e804    00000010     humidityservice.obj (.const:.string:sensorPeriodUUID$43)
                  0000e814    00000010     irtempservice.obj (.const:.string:sensorPeriodUUID$45)
                  0000e824    00000010     movementservice.obj (.const:.string:sensorPeriodUUID$46)
                  0000e834    00000010     opticservice.obj (.const:.string:sensorPeriodUUID$49)
                  0000e844    00000010     barometerservice.obj (.const:.string:sensorServiceUUID$37)
                  0000e854    00000010     humidityservice.obj (.const:.string:sensorServiceUUID$43)
                  0000e864    00000010     irtempservice.obj (.const:.string:sensorServiceUUID$45)
                  0000e874    00000010     movementservice.obj (.const:.string:sensorServiceUUID$46)
                  0000e884    00000010     opticservice.obj (.const:.string:sensorServiceUUID$49)
                  0000e894    00000010     registerservice.obj (.const:.string:sensorServiceUUID$51)
                  0000e8a4    00000010     I2C.obj (.const:I2C_defaultParams)
                  0000e8b4    00000010     board.obj (.const:PowerCC26XX_config)
                  0000e8c4    00000010     board.obj (.const:TRNGCC26XX_config)
                  0000e8d4    00000010     board.obj (.const:UDMACC26XX_config)
                  0000e8e4    0000000e     app_ble_pem3.oem3 (.const:xdc_runtime_Startup_sfxnRts__A)
                  0000e8f2    0000000d     oad.obj (.const:.string:oadImgIdentifyDesc$47)
                  0000e8ff    00000001     --HOLE-- [fill = 0]
                  0000e900    0000000c     battservice.obj (.const:battCBs)
                  0000e90c    0000000c     ccservice.obj (.const:ccServiceCBs)
                  0000e918    0000000c     devinfoservice.obj (.const:devInfoCBs)
                  0000e924    0000000c     ioservice.obj (.const:ioCBs)
                  0000e930    0000000c     barometerservice.obj (.const:sensorCBs$37)
                  0000e93c    0000000c     humidityservice.obj (.const:sensorCBs$43)
                  0000e948    0000000c     irtempservice.obj (.const:sensorCBs$45)
                  0000e954    0000000c     movementservice.obj (.const:sensorCBs$46)
                  0000e960    0000000c     opticservice.obj (.const:sensorCBs$49)
                  0000e96c    0000000c     registerservice.obj (.const:sensorCBs$51)
                  0000e978    0000000c     simplekeys.obj (.const:skCBs)
                  0000e984    0000000c     ble_user_config.obj (.const:trngDriverTable)
                  0000e990    0000000b     oad.obj (.const:.string:oadStatusDesc$47)
                  0000e99b    0000000a     oad.obj (.const:.string:oadImgBlockDesc$47)
                  0000e9a5    0000000a     oad.obj (.const:.string:oadImgCountDesc$47)
                  0000e9af    00000001     --HOLE-- [fill = 0]
                  0000e9b0    00000008     ExtFlash.obj (.const:$O24$$)
                  0000e9b8    00000008     battservice.obj (.const:battService$38)
                  0000e9c0    00000008     I2CCC26XX.obj (.const:bitRate$17)
                  0000e9c8    00000008     ccservice.obj (.const:ccServiceService$39)
                  0000e9d0    00000008     devinfoservice.obj (.const:devInfoService$40)
                  0000e9d8    00000008     ioservice.obj (.const:ioService$44)
                  0000e9e0    00000008     oad.obj (.const:oadService$47)
                  0000e9e8    00000008     barometerservice.obj (.const:sensorService$37)
                  0000e9f0    00000008     humidityservice.obj (.const:sensorService$43)
                  0000e9f8    00000008     irtempservice.obj (.const:sensorService$45)
                  0000ea00    00000008     movementservice.obj (.const:sensorService$46)
                  0000ea08    00000008     opticservice.obj (.const:sensorService$49)
                  0000ea10    00000008     registerservice.obj (.const:sensorService$51)
                  0000ea18    00000008     simplekeys.obj (.const:skService$52)
                  0000ea20    00000008     app_ble_pem3.oem3 (.const:ti_sysbios_knl_Idle_funcList__C)
                  0000ea28    00000008     board.obj (.const:udmaHWAttrs)
                  0000ea30    00000008     app_ble_pem3.oem3 (.const:xdc_runtime_Startup_firstFxns__A)
                  0000ea38    00000008     app_ble_pem3.oem3 (.const:xdc_runtime_Startup_firstFxns__C)
                  0000ea40    00000008     app_ble_pem3.oem3 (.const:xdc_runtime_Startup_lastFxns__C)
                  0000ea48    00000006     ble_user_config.obj (.const:txPwrTbl)
                  0000ea4e    00000002     battservice.obj (.const:.string:battLevelUUID)
                  0000ea50    00000004     board.obj (.const:TRNGCC26XXHWAttrs)
                  0000ea54    00000004     icall_cc2650.obj (.const:events$1$25)
                  0000ea58    00000004     app_ble_pem3.oem3 (.const:ti_sysbios_family_arm_cc26xx_Timer_startupNeeded__C)
                  0000ea5c    00000004     app_ble_pem3.oem3 (.const:ti_sysbios_family_arm_m3_Hwi_E_alreadyDefined__C)
                  0000ea60    00000004     app_ble_pem3.oem3 (.const:ti_sysbios_family_arm_m3_Hwi_NUM_INTERRUPTS__C)
                  0000ea64    00000004     app_ble_pem3.oem3 (.const:ti_sysbios_family_arm_m3_Hwi_Object__count__C)
                  0000ea68    00000004     app_ble_pem3.oem3 (.const:ti_sysbios_family_arm_m3_Hwi_ccr__C)
                  0000ea6c    00000004     app_ble_pem3.oem3 (.const:ti_sysbios_family_arm_m3_Hwi_excHandlerFunc__C)
                  0000ea70    00000004     app_ble_pem3.oem3 (.const:ti_sysbios_family_arm_m3_Hwi_nullIsrFunc__C)
[...]
0000eafa  devInfoHardwareRevUUID                                     
0000eafc  devInfoMfrNameUUID                                         
0000eafe  devInfoModelNumberUUID                                     
0000eb00  devInfoPnpIdUUID                                           
0000eb02  devInfoSerialNumberUUID                                    
0000eb04  devInfoServUUID                                            
0000eb06  devInfoSoftwareRevUUID                                     
0000eb08  devInfoSystemIdUUID                                        
0000eb0a  keyPressedUUID                                             
0000eb0c  skServUUID                                                 
0000eb10  ti_sysbios_family_arm_m3_Hwi_Module__id__C                 
0000eb12  xdc_runtime_HeapMin_Module__id__C                          
0000eb14  xdc_runtime_HeapMin_freeError__C                           
0000eb16  xdc_runtime_Memory_Module__id__C                           
0000eb18  __TI_static_base__                                         
0000f0ec  __TI_Handler_Table_Base                                    
0000f0f8  __TI_Handler_Table_Limit                                   
0000f120  __TI_CINIT_Base                                            
0000f150  __TI_CINIT_Limit                                           
10014c00  A1_rw                                                      
10014c00  __checksum_begin_CommonROM                                 
10014c01  COMMON_ROM_BASE_ADDR                                       
10014c04  P1_ro                                                      
10014c05  SCALARMUL_init                                             
10014ced  SCALARMUL_core                                             
10015019  SCALARMUL_final                                            
100150e5  SCALARMUL                                                  
10015101  SAVEPOINT                                                  
10015141  GETBIT                                                     
10015155  GETDIGIT                                                   
100151a5  GETDIGITL2R                                                
10015215  SelectReg                                                  
10015229  ATOMICPATTERN                                              
100154f5  JACADD                                                     
1001568d  INVERT                                                     
10015821  SQUAREMULTIPLYWORD                                         
1001588c  LUTOPCODE                                                  
10015894  LUTOPSIGN                                                  
100158ac  LUTC                                                       
100158c4  LUTSE                                                      
100158dc  LUTINCI                                                    
100158f4  LUTJ                                                       
1001596c  LUTSTATE                                                   
100159a9  IMPORTLENGTH                                               
100159ad  IMPORTMODULUS                                              
100159d1  IMPORTOPERAND                                              
10015a11  EXPORTOPERAND                                              
10015a35  IMPORTDATA                                                 
10015a51  SETOPERAND                                                 
10015a6d  COPY                                                       
10015a85  ZERO                                                       
10015a91  SETWORD                                                    
10015a9d  mSET                                                       
10015bcd  zSET                                                       
10015bd5  mINVK                                                      
10015d19  zADD                                                       
10015d5d  zSUB                                                       
10015de9  zMACC32                                                    
10015e69  zSUB32                                                     
10015eb5  zADD32                                                     
10015f0d  zMULT32                                                    
10015f81  mMULT                                                      
10016551  mADD                                                       
1001664d  mSUB                                                       
10016749  mOUT                                                       
10016975  ssp_KeyInit_Sw                                             
10016979  sspAesEncrypt_Sw                                           
10016985  sspKeyExpansion_Sw                                         
10016a99  sspAesEncryptKeyExp_Sw                                     
10016af5  sspAesEncryptBasic_Sw                                      
10016b79  RoundKey_Sw                                                
10016c29  AddRoundKeySubBytes_Sw                                     
10016c45  ShiftRows_Sw                                               
10016c79  MixColumns_Sw                                              
10016d05  FFMult_Sw                                                  
10016d29  sspAesDecrypt_Sw                                           
10016da1  InvAddRoundKey_Sw                                          
10016dc9  InvRoundKey_Sw                                             
10016e8d  InvSubBytes_Sw                                             
10016ea1  InvShiftRows_Sw                                            
10016ed5  InvMixColumns_Sw                                           
10016f58  FFMult2                                                    
10017058  FFMult3                                                    
10017158  RCon                                                       
10017164  Sbox                                                       
10017264  InvSbox                                                    
10017365  SSP_CCM_Auth_Sw                                            
100174fd  SSP_CCM_Encrypt_Sw                                         
100175ed  SSP_CTR_Encrypt_Sw                                         
1001767d  SSP_CCM_Decrypt_Sw                                         
10017771  SSP_CTR_Decrypt_Sw                                         
10017839  SSP_CCM_InvAuth_Sw                                         
10017895  SSP_CCM_Auth_Encrypt_Sw                                    
100178f5  SSP_CCM_InvAuth_Decrypt_Sw                                 
10017959  ECC_allocWorkzone                                          
10017961  ECC_setWin                                                 
10017969  ECDSA_sign                                                 
10017b01  ECDSA_verif                                                
10017dbd  eccRom_genKeys                                             
10017ded  eccRom_genSharedSecret                                     
10017e39  SHA256_updateW                                             
10017e75  SHA256_round                                               
10017ef1  SHA256_nextState                                           
10017f49  SHA256_saveBuffer                                          
10017ffd  SHA256_init                                                
10018019  SHA256_process                                             
10018089  SHA256_final                                               
10018129  SHA256_full                                                
100182ad  RFHAL_InitRfHal                                            
10018315  RFHAL_AllocRatChan                                         
1001833d  RFHAL_FreeRatChan                                          
10018369  RFHAL_MapRatChansToInt                                     
10018391  RFHAL_RegisterRatChanCallback                              
100183b9  RFHAL_InitDataQueue                                        
100183c5  RFHAL_QueueRFDataEntries                                   
10018415  RFHAL_AddTxDataEntry                                       
10018485  RFHAL_FreeNextTxDataEntry                                  
100184a9  RFHAL_AllocDataEntryQueue                                  
100184c5  RFHAL_FreeDataEntryQueue                                   
100184cd  RFHAL_GetNextDataEntry                                     
100184d1  RFHAL_GetTempDataEntry                                     
100184d5  RFHAL_NextDataEntryDone                                    
100184f9  RFHAL_AllocDataEntry                                       
10018549  RFHAL_FreeDataEntry                                        
10018551  RFHAL_BuildRingBuffer                                      
100185e1  RFHAL_BuildDataEntryRingBuffer                             
10018669  RFHAL_BuildLinkedBuffer                                    
10018755  MB_Init                                                    
10018799  MB_EnableInts                                              
100187f5  MB_DisableInts                                             
10018825  MB_ClearInts                                               
10018835  MB_EnableHWInts                                            
10018865  MB_SendCommand                                             
100188a5  MB_SendCommandSynch                                        
10018935  MB_ReadMailboxStatus                                       
1001893d  MB_RegisterIsrCback                                        
10018945  MB_FwDebugDump                                             
10018949  mbCmdAckIsr                                                
1001895d  mbCpe0Isr                                                  
10018985  mbCpe1Isr                                                  
100189e5  mbHwIsr                                                    
10018a19  AesCcm_authEncrypt_Sw                                      
10018a35  AesCcm_decryptAuth_Sw                                      
10018a99  Aes_encrypt_Sw                                             
10018ac5  Aes_decrypt_Sw                                             
10018b09  AesCcm_getNumBlocks_Sw                                     
10018b0c  NIST_Curve_P256_p                                          
10018b30  NIST_Curve_P256_r                                          
10018b54  NIST_Curve_P256_a                                          
10018b78  NIST_Curve_P256_b                                          
10018b9c  NIST_Curve_P256_Gx                                         
10018bc0  NIST_Curve_P256_Gy                                         
10018ced  __exit                                                     
10018d6c  Fill1                                                      
10019ffc  A3_rw                                                      
10019ffd  __checksum_end_CommonROM                                   
10019ffe  A2_rw                                                      
10019ffe  P1_ro_2                                                    
10019ffe  __checksum_CommonROM                                       
20000000  ti_sysbios_family_arm_m3_Hwi_ramVectors                    
20000520  gapProfileState                                            
20000521  selfEntityMain                                             
20000528  sem                                                        
2000052c  hGpioPin                                                   
20000548  pinGpioState                                               
2000096c  linkDBNumConns                                             
20000a80  gapRoleTask                                                
20000ad0  gapRoleTaskStack                                           
20001a64  PowerCC26XX_module                                         
20001b74  ICall_dispatcher                                           
20001b7c  ICall_enterCriticalSection                                 
20001b80  ICall_leaveCriticalSection                                 
20001b98  HEAPMGR_SIZE                                               
20002224  rfRegTbl                                                   
2000227c  ti_sysbios_knl_Task_Object__table__V                       
20002310  ti_sysbios_family_arm_cc26xx_Timer_Object__table__V        
20002358  ti_sysbios_knl_Task_Module__state__V                       
200023d0  ti_sysbios_family_arm_m3_Hwi_Module__state__V              
20002434  ti_sysbios_knl_Swi_Module_State_0_readyQ__A                
20002464  ti_sysbios_knl_Swi_Object__table__V                        
20002494  ti_sysbios_knl_Task_Module_State_0_readyQ__A               
200024c4  user0Cfg                                                   
2000254c  ti_sysbios_knl_Clock_Module__state__V                      
20002578  ti_sysbios_BIOS_Module__state__V                           
2000259c  ti_sysbios_knl_Clock_Object__table__V                      
200025bc  ti_sysbios_gates_GateMutex_Object__table__V                
200025d8  ti_sysbios_knl_Swi_Module__state__V                        
2000260c  ti_sysbios_family_arm_m3_Hwi_Object__table__V              
20002648  xdc_runtime_HeapMin_Object__table__V                       
20002658  __TI_cleanup_ptr                                           
2000265c  __TI_dtors_ptr                                             
20002660  __TI_enable_exit_profile_output                            
20002664  lastAppOpcodeSent                                          
20002668  pfnBMAlloc                                                 
2000266c  pfnBMFree                                                  
20002684  _lock                                                      
20002688  _unlock                                                    
2000269c  ti_sysbios_family_arm_cc26xx_Timer_Module__state__V        
200026a4  ti_sysbios_family_arm_m3_Hwi_Module__root__V               
200026ac  ti_sysbios_gates_GateHwi_Module__root__V                   
200026b4  ti_sysbios_gates_GateMutex_Module__root__V                 
200026bc  ti_sysbios_hal_Hwi_Module__root__V                         
200026c4  ti_sysbios_knl_Clock_Module__root__V                       
200026cc  ti_sysbios_knl_Queue_Module__root__V                       
200026d4  ti_sysbios_knl_Semaphore_Module__root__V                   
200026dc  ti_sysbios_knl_Swi_Module__root__V                         
200026e4  ti_sysbios_knl_Task_Module__root__V                        
200026ec  xdc_runtime_HeapMin_Module__root__V                        
200026f4  xdc_runtime_Startup_Module__state__V                       
200026fc  xdc_runtime_System_Module__state__V                        
20002708  appAssertCback                                             
2000270c  main_func_sp                                               
20002718  ti_sysbios_family_arm_m3_Hwi_Module_State_0_excContext__A  
2000271c  ti_sysbios_family_arm_m3_Hwi_Module_State_0_excStack__A    
20002720  ti_sysbios_gates_GateHwi_Object__table__V                  
20002724  ti_sysbios_knl_Task_Module_State_0_idleTask__A             
20002728  xdc_runtime_Memory_Module__state__V                        
20002744  ti_sysbios_family_arm_m3_Hwi_Module_State_0_excActive__A   
20002748  xdc_runtime_HeapMin_Instance_State_0_buf__A                
20002dcc  trngCC26XXObjects                                          
20002dd0  ti_sysbios_knl_Task_Instance_State_0_stack__A              
20002fd0  spiCC26XXDMAObjects                                        
20003188  PIN_NumPins                                                
2000321c  PIN_HandleTable                                            
200033a8  i2cCC26xxObjects                                           
20003488  ti_sysbios_family_arm_m3_Hwi_dispatchTable                 
200035c8  udmaObjects                                                
20003639  driverlib_release_0_47020                                  
2000363a  heapStart                                                  
200041f8  __stack                                                    
200041f8  heapEnd                                                    
200043f8  __STACK_END                                                
200043f8  __STACK_TOP                                                
20004f2c  A4_rw                                                      
20004f2c  COMMON_RAM_BASE_ADDR                                       
20004f40  P2_rw                                                      
20004f40  P2_s0                                                      
20004f40  eccRom_windowSize                                          
20004f44  eccRom_workzone                                            
20004f48  eccRom_param_p                                             
20004f4c  eccRom_param_r                                             
20004f50  eccRom_param_a                                             
20004f54  inScalar                                                   
20004f58  inPointX                                                   
20004f5c  inPointY                                                   
20004f60  outPointX                                                  
20004f64  outPointY                                                  
20004f68  SCAL                                                       
20004f6c  EXPX                                                       
20004f70  EXPY                                                       
20004f74  EXPZ                                                       
20004f78  EXPW                                                       
20004f7c  ACCX                                                       
20004f80  ACCY                                                       
20004f84  ACCZ                                                       
20004f88  TMP1                                                       
20004f8c  TMP2                                                       
20004f90  TMP3                                                       
20004f94  TMP4                                                       
20004f98  TMP5                                                       
20004f9c  TMP6                                                       
20004fa0  eccRom_param_Gx                                            
20004fa4  eccRom_param_Gy                                            
20004fa8  eccRom_param_b                                             
20004fac  P2_zi                                                      
20004fac  ratChanInfo                                                
20004fcc  fwInfoCmd                                                  
20004fd8  MSBMOD                                                     
20004fdc  aux64                                                      
20004fe4  MOD                                                        
20004fe8  LEN                                                        
20004ffc  pSspAesEncrypt_Sw                                          
e000e000  ti_sysbios_family_arm_m3_Hwi_nvic                          
ffffffff  __TI_pprof_out_hndl                                        
ffffffff  __TI_prof_data_size                                        
ffffffff  __TI_prof_data_start                                       
ffffffff  __binit__                                                  
ffffffff  __c_args__                                                 
ffffffff  binit                                                      
UNDEFED   SHT$$INIT_ARRAY$$Base                                      
UNDEFED   SHT$$INIT_ARRAY$$Limit                                     

[911 symbols]
